packages/annotated-json/src/imports.ts(8,8): error TS2307: Cannot find module '@quarto/mapped-string' or its corresponding type declarations.
packages/annotated-json/src/imports.ts(9,31): error TS2307: Cannot find module '@quarto/tidyverse-errors' or its corresponding type declarations.
packages/build/src/index.ts(66,5): error TS2769: No overload matches this call.
  The last overload gave the following error.
    Type 'import("F:/Projects/GitHub/quartostone/quarto-visual-editor/node_modules/esbuild/lib/main").Plugin[]' is not assignable to type 'import("F:/Projects/GitHub/quartostone/quarto-visual-editor/packages/build/node_modules/esbuild/lib/main").Plugin[]'.
      Type 'import("F:/Projects/GitHub/quartostone/quarto-visual-editor/node_modules/esbuild/lib/main").Plugin' is not assignable to type 'import("F:/Projects/GitHub/quartostone/quarto-visual-editor/packages/build/node_modules/esbuild/lib/main").Plugin'.
        Types of property 'setup' are incompatible.
          Type '(build: import("F:/Projects/GitHub/quartostone/quarto-visual-editor/node_modules/esbuild/lib/main").PluginBuild) => void | Promise<void>' is not assignable to type '(build: import("F:/Projects/GitHub/quartostone/quarto-visual-editor/packages/build/node_modules/esbuild/lib/main").PluginBuild) => void | Promise<void>'.
            Types of parameters 'build' and 'build' are incompatible.
              Property 'onDispose' is missing in type 'import("F:/Projects/GitHub/quartostone/quarto-visual-editor/packages/build/node_modules/esbuild/lib/main").PluginBuild' but required in type 'import("F:/Projects/GitHub/quartostone/quarto-visual-editor/node_modules/esbuild/lib/main").PluginBuild'.
packages/core-node/src/appdirs.ts(18,18): error TS2307: Cannot find module 'node:path' or its corresponding type declarations.
packages/core-node/src/appdirs.ts(19,16): error TS2307: Cannot find module 'node:fs' or its corresponding type declarations.
packages/core-node/src/appdirs.ts(20,21): error TS2307: Cannot find module 'node:process' or its corresponding type declarations.
packages/core-node/src/exec.ts(16,32): error TS2307: Cannot find module 'node:child_process' or its corresponding type declarations.
packages/core-node/src/git.ts(16,21): error TS2307: Cannot find module 'node:fs' or its corresponding type declarations.
packages/core-node/src/git.ts(17,23): error TS2307: Cannot find module 'node:path' or its corresponding type declarations.
packages/core-node/src/git.ts(18,21): error TS2307: Cannot find module 'node:os' or its corresponding type declarations.
packages/core-node/src/hash.ts(16,28): error TS2307: Cannot find module 'node:crypto' or its corresponding type declarations.
packages/core-node/src/jupyter/percent.ts(20,18): error TS2307: Cannot find module 'node:path' or its corresponding type declarations.
packages/core-node/src/jupyter/percent.ts(21,16): error TS2307: Cannot find module 'node:fs' or its corresponding type declarations.
packages/core-node/src/jupyter/percent.ts(38,14): error TS18048: 'contents' is possibly 'undefined'.
packages/core-node/src/knitr.ts(16,16): error TS2307: Cannot find module 'node:fs' or its corresponding type declarations.
packages/core-node/src/knitr.ts(17,18): error TS2307: Cannot find module 'node:path' or its corresponding type declarations.
packages/core-node/src/knitr.ts(25,51): error TS2345: Argument of type 'string | undefined' is not assignable to parameter of type 'string'.
  Type 'undefined' is not assignable to type 'string'.
packages/core-node/src/mime.ts(17,25): error TS2307: Cannot find module 'node:path' or its corresponding type declarations.
packages/core-node/src/path.ts(16,23): error TS2307: Cannot find module 'node:path' or its corresponding type declarations.
packages/core-node/src/platform.ts(16,21): error TS2307: Cannot find module 'node:process' or its corresponding type declarations.
packages/core-node/src/uuid.ts(16,23): error TS7016: Could not find a declaration file for module 'uuid'. 'F:/Projects/GitHub/quartostone/quarto-visual-editor/node_modules/uuid/dist/index.js' implicitly has an 'any' type.
  Try `npm i --save-dev @types/uuid` if it exists or add a new declaration (.d.ts) file containing `declare module 'uuid';`
packages/core/src/markdownit/gridtables/common/markdown-it/ParseTable.ts(6,21): error TS2307: Cannot find module 'wcwidth' or its corresponding type declarations.
packages/core/src/markdownit/mermaid/index.ts(3,21): error TS2307: Cannot find module 'mermaid' or its corresponding type declarations.
packages/editor-codemirror/src/behaviors/toolbar.ts(35,5): error TS2739: Type '{ toDOM(): HTMLDivElement; eq: () => false; updateDOM: () => false; estimatedHeight: number; ignoreEvent: () => true; destroy: () => void; }' is missing the following properties from type 'WidgetType': lineBreaks, coordsAt
packages/editor-codemirror/src/index.ts(58,13): error TS2322: Type '{ [name: string]: (node: Node, view: EditorView, getPos: boolean | (() => number)) => NodeView; }' is not assignable to type '{ [node: string]: NodeViewConstructor; }'.
  'string' index signatures are incompatible.
    Type '(node: Node, view: EditorView, getPos: boolean | (() => number)) => NodeView' is not assignable to type 'NodeViewConstructor'.
      Types of parameters 'getPos' and 'getPos' are incompatible.
        Type '() => number | undefined' is not assignable to type 'boolean | (() => number)'.
          Type '() => number | undefined' is not assignable to type '() => number'.
            Type 'number | undefined' is not assignable to type 'number'.
              Type 'undefined' is not assignable to type 'number'.
packages/editor-collab/src/automerge-doc.ts(16,10): error TS2305: Module '"@automerge/automerge"' has no exported member 'unstable'.
packages/editor-collab/src/automerge-pm.ts(16,10): error TS2305: Module '"@automerge/automerge"' has no exported member 'unstable'.
packages/editor-collab/src/automerge-pm.ts(170,23): error TS7006: Parameter 'p' implicitly has an 'any' type.
packages/editor-collab/src/automerge-pm.ts(174,6): error TS7006: Parameter 'doc' implicitly has an 'any' type.
packages/editor-collab/src/automerge-pm.ts(199,16): error TS7006: Parameter 'm' implicitly has an 'any' type.
packages/editor-collab/src/automerge-pm.ts(217,39): error TS7006: Parameter 'insertedMark' implicitly has an 'any' type.
packages/editor-collab/src/automerge-pm.ts(296,6): error TS7006: Parameter 'm' implicitly has an 'any' type.
packages/editor-collab/src/automerge.ts(19,10): error TS2305: Module '"@automerge/automerge"' has no exported member 'unstable'.
packages/editor-collab/src/automerge.ts(77,23): error TS7006: Parameter 'p' implicitly has an 'any' type.
packages/editor-collab/src/test.ts(3,10): error TS2305: Module '"@automerge/automerge"' has no exported member 'unstable'.
packages/editor-collab/src/test.ts(14,29): error TS7006: Parameter 'doc' implicitly has an 'any' type.
packages/editor-collab/src/test.ts(25,21): error TS7006: Parameter 'patches' implicitly has an 'any' type.
packages/editor-collab/src/test.ts(25,30): error TS7006: Parameter '_info' implicitly has an 'any' type.
packages/editor-collab/src/test.ts(31,3): error TS7006: Parameter 'doc' implicitly has an 'any' type.
packages/editor-server/src/core/biblio.ts(16,34): error TS2307: Cannot find module 'node:path' or its corresponding type declarations.
packages/editor-server/src/core/biblio.ts(17,16): error TS2307: Cannot find module 'node:fs' or its corresponding type declarations.
packages/editor-server/src/core/biblio.ts(18,22): error TS2307: Cannot find module 'tmp' or its corresponding type declarations.
packages/editor-server/src/core/documents.ts(16,16): error TS2307: Cannot find module 'node:fs' or its corresponding type declarations.
packages/editor-server/src/core/documents.ts(18,21): error TS2307: Cannot find module 'vscode-uri' or its corresponding type declarations.
packages/editor-server/src/core/pandoc.ts(16,20): error TS2307: Cannot find module 'node:stream' or its corresponding type declarations.
packages/editor-server/src/core/pandoc.ts(17,32): error TS2307: Cannot find module 'node:child_process' or its corresponding type declarations.
packages/editor-server/src/core/pandoc.ts(31,8): error TS7006: Parameter 'error' implicitly has an 'any' type.
packages/editor-server/src/core/pandoc.ts(31,15): error TS7006: Parameter 'stdout' implicitly has an 'any' type.
packages/editor-server/src/core/pandoc.ts(31,23): error TS7006: Parameter 'stderr' implicitly has an 'any' type.
packages/editor-server/src/core/xref.ts(16,21): error TS2307: Cannot find module 'node:fs' or its corresponding type declarations.
packages/editor-server/src/core/xref.ts(17,23): error TS2307: Cannot find module 'node:path' or its corresponding type declarations.
packages/editor-server/src/core/xref.ts(18,37): error TS2307: Cannot find module 'node:child_process' or its corresponding type declarations.
packages/editor-server/src/core/xref.ts(19,22): error TS2307: Cannot find module 'tmp' or its corresponding type declarations.
packages/editor-server/src/core/zotero/local/datadir.ts(16,21): error TS2307: Cannot find module 'node:fs' or its corresponding type declarations.
packages/editor-server/src/core/zotero/local/datadir.ts(17,23): error TS2307: Cannot find module 'node:path' or its corresponding type declarations.
packages/editor-server/src/core/zotero/local/db.ts(18,21): error TS2307: Cannot find module 'node:fs' or its corresponding type declarations.
packages/editor-server/src/core/zotero/local/db.ts(19,23): error TS2307: Cannot find module 'node:path' or its corresponding type declarations.
packages/editor-server/src/core/zotero/web/groups.ts(16,21): error TS2307: Cannot find module 'node:fs' or its corresponding type declarations.
packages/editor-server/src/core/zotero/web/groups.ts(17,18): error TS2307: Cannot find module 'node:path' or its corresponding type declarations.
packages/editor-server/src/core/zotero/web/storage.ts(16,16): error TS2307: Cannot find module 'node:fs' or its corresponding type declarations.
packages/editor-server/src/core/zotero/web/storage.ts(19,18): error TS2307: Cannot find module 'node:path' or its corresponding type declarations.
packages/editor-server/src/core/zotero/web/storage.ts(21,22): error TS2307: Cannot find module 'node:readline' or its corresponding type declarations.
packages/editor-server/src/core/zotero/web/storage.ts(112,22): error TS7006: Parameter 'line' implicitly has an 'any' type.
packages/editor-server/src/core/zotero/web/storage.ts(141,23): error TS7006: Parameter 'error' implicitly has an 'any' type.
packages/editor-server/src/server/pandoc.ts(18,18): error TS2307: Cannot find module 'node:path' or its corresponding type declarations.
packages/editor-server/src/server/pandoc.ts(19,21): error TS2307: Cannot find module 'node:fs' or its corresponding type declarations.
packages/editor-server/src/server/pandoc.ts(20,23): error TS7016: Could not find a declaration file for module 'uuid'. 'F:/Projects/GitHub/quartostone/quarto-visual-editor/node_modules/uuid/dist/index.js' implicitly has an 'any' type.
  Try `npm i --save-dev @types/uuid` if it exists or add a new declaration (.d.ts) file containing `declare module 'uuid';`
packages/editor-server/src/server/server.ts(16,21): error TS2307: Cannot find module 'node:fs' or its corresponding type declarations.
packages/editor-server/src/server/xref.ts(17,18): error TS2307: Cannot find module 'node:path' or its corresponding type declarations.
packages/editor-server/src/services/dictionary.ts(17,16): error TS2307: Cannot find module 'node:fs' or its corresponding type declarations.
packages/editor-server/src/services/dictionary.ts(18,18): error TS2307: Cannot find module 'node:path' or its corresponding type declarations.
packages/editor-server/src/services/dictionary.ts(20,30): error TS7016: Could not find a declaration file for module 'uuid'. 'F:/Projects/GitHub/quartostone/quarto-visual-editor/node_modules/uuid/dist/index.js' implicitly has an 'any' type.
  Try `npm i --save-dev @types/uuid` if it exists or add a new declaration (.d.ts) file containing `declare module 'uuid';`
packages/editor-server/src/services/prefs.ts(16,18): error TS2307: Cannot find module 'node:path' or its corresponding type declarations.
packages/editor-server/src/services/prefs.ts(17,16): error TS2307: Cannot find module 'node:fs' or its corresponding type declarations.
packages/editor-server/src/services/source.ts(16,18): error TS2307: Cannot find module 'node:path' or its corresponding type declarations.
packages/editor-ui/src/commands/CommandMenuItems.tsx(21,30): error TS7016: Could not find a declaration file for module 'uuid'. 'F:/Projects/GitHub/quartostone/quarto-visual-editor/node_modules/uuid/dist/index.js' implicitly has an 'any' type.
  Try `npm i --save-dev @types/uuid` if it exists or add a new declaration (.d.ts) file containing `declare module 'uuid';`
packages/editor-ui/src/commands/CommandToolbarMenu.tsx(20,30): error TS7016: Could not find a declaration file for module 'uuid'. 'F:/Projects/GitHub/quartostone/quarto-visual-editor/node_modules/uuid/dist/index.js' implicitly has an 'any' type.
  Try `npm i --save-dev @types/uuid` if it exists or add a new declaration (.d.ts) file containing `declare module 'uuid';`
packages/editor-ui/src/dialogs/edit-callout.tsx(141,35): error TS2322: Type '{ children: Element; label: string; placeholder: string; }' is not assignable to type 'IntrinsicAttributes & Omit<ComponentProps<FieldSlots, "root">, "children"> & { children?: ReactNode | ((props: FieldControlProps) => ReactNode); orientation?: "horizontal" | ... 1 more ... | undefined; validationState?: "none" | ... 3 more ... | undefined; required?: boolean | undefined; size?: "medium" | ... 2 more...'.
  Property 'placeholder' does not exist on type 'IntrinsicAttributes & Omit<ComponentProps<FieldSlots, "root">, "children"> & { children?: ReactNode | ((props: FieldControlProps) => ReactNode); orientation?: "horizontal" | ... 1 more ... | undefined; validationState?: "none" | ... 3 more ... | undefined; required?: boolean | undefined; size?: "medium" | ... 2 more...'.
packages/editor-ui/src/editor/EditorFind.tsx(18,31): error TS7016: Could not find a declaration file for module 'react-transition-group'. 'F:/Projects/GitHub/quartostone/quarto-visual-editor/node_modules/react-transition-group/cjs/index.js' implicitly has an 'any' type.
  Try `npm i --save-dev @types/react-transition-group` if it exists or add a new declaration (.d.ts) file containing `declare module 'react-transition-group';`
packages/editor-ui/src/editor/outline/EditorOutlineTree.tsx(87,79): error TS2315: Type 'TreeNavigationData_unstable' is not generic.
packages/editor-ui/src/editor/outline/EditorOutlineTree.tsx(100,9): error TS2322: Type '{ children: Element[]; "aria-label": string; defaultOpenItems: string[]; className: string; size: "small"; onNavigation_unstable: (_event: MouseEvent<Element, MouseEvent> | KeyboardEvent<...>, data: any) => void; }' is not assignable to type 'IntrinsicAttributes & Omit<TreeSlots, "root"> & Omit<{ as?: "div" | undefined; } & Omit<Omit<DetailedHTMLProps<HTMLAttributes<HTMLDivElement>, HTMLDivElement>, "ref"> & { ...; }, "children"> & { ...; }, "ref"> & { ...; } & RefAttributes<...>'.
  Property 'onNavigation_unstable' does not exist on type 'IntrinsicAttributes & Omit<TreeSlots, "root"> & Omit<{ as?: "div" | undefined; } & Omit<Omit<DetailedHTMLProps<HTMLAttributes<HTMLDivElement>, HTMLDivElement>, "ref"> & { ...; }, "children"> & { ...; }, "ref"> & { ...; } & RefAttributes<...>'.
packages/editor-ui/src/menu/context.tsx(20,30): error TS7016: Could not find a declaration file for module 'uuid'. 'F:/Projects/GitHub/quartostone/quarto-visual-editor/node_modules/uuid/dist/index.js' implicitly has an 'any' type.
  Try `npm i --save-dev @types/uuid` if it exists or add a new declaration (.d.ts) file containing `declare module 'uuid';`
packages/editor/src/behaviors/insert_citation/source_panels/insert_citation-source-panel-bibliography.tsx(76,5): error TS2322: Type 'ForwardRefExoticComponent<Omit<CitationSourcePanelProps, "ref"> & RefAttributes<HTMLDivElement>>' is not assignable to type 'FC<CitationSourcePanelProps>'.
  Types of property 'propTypes' are incompatible.
    Type 'WeakValidationMap<Omit<CitationSourcePanelProps, "ref"> & RefAttributes<HTMLDivElement>> | undefined' is not assignable to type 'WeakValidationMap<CitationSourcePanelProps> | undefined'.
      Type 'WeakValidationMap<Omit<CitationSourcePanelProps, "ref"> & RefAttributes<HTMLDivElement>>' is not assignable to type 'WeakValidationMap<CitationSourcePanelProps>'.
        Types of property 'ref' are incompatible.
          Type 'Validator<LegacyRef<HTMLDivElement> | undefined> | undefined' is not assignable to type 'Validator<Ref<any> | undefined> | undefined'.
            Type 'Validator<LegacyRef<HTMLDivElement> | undefined>' is not assignable to type 'Validator<Ref<any> | undefined>'.
              Type 'LegacyRef<HTMLDivElement> | undefined' is not assignable to type 'Ref<any> | undefined'.
                Type 'string' is not assignable to type 'Ref<any> | undefined'.
packages/editor/src/behaviors/insert_citation/source_panels/insert_citation-source-panel-bibliography.tsx(120,3): error TS2345: Argument of type '(props: CitationSourcePanelProps, ref: ForwardedRef<HTMLDivElement>) => Element' is not assignable to parameter of type 'ForwardRefRenderFunction<HTMLDivElement, Omit<CitationSourcePanelProps, "ref">>'.
  Types of parameters 'props' and 'props' are incompatible.
    Property 'ref' is missing in type 'Omit<CitationSourcePanelProps, "ref">' but required in type 'CitationSourcePanelProps'.
packages/editor/src/behaviors/insert_citation/source_panels/insert_citation-source-panel-crossref.tsx(47,5): error TS2322: Type 'ForwardRefExoticComponent<Omit<CitationSourcePanelProps, "ref"> & RefAttributes<HTMLDivElement>>' is not assignable to type 'FC<CitationSourcePanelProps>'.
packages/editor/src/behaviors/insert_citation/source_panels/insert_citation-source-panel-crossref.tsx(94,3): error TS2345: Argument of type '(props: CitationSourcePanelProps, ref: ForwardedRef<HTMLDivElement>) => Element' is not assignable to parameter of type 'ForwardRefRenderFunction<HTMLDivElement, Omit<CitationSourcePanelProps, "ref">>'.
  Types of parameters 'props' and 'props' are incompatible.
    Type 'Omit<CitationSourcePanelProps, "ref">' is not assignable to type 'CitationSourcePanelProps'.
packages/editor/src/behaviors/insert_citation/source_panels/insert_citation-source-panel-datacite.tsx(52,5): error TS2322: Type 'ForwardRefExoticComponent<Omit<CitationSourcePanelProps, "ref"> & RefAttributes<HTMLDivElement>>' is not assignable to type 'FC<CitationSourcePanelProps>'.
packages/editor/src/behaviors/insert_citation/source_panels/insert_citation-source-panel-datacite.tsx(117,3): error TS2345: Argument of type '(props: CitationSourcePanelProps, ref: ForwardedRef<HTMLDivElement>) => Element' is not assignable to parameter of type 'ForwardRefRenderFunction<HTMLDivElement, Omit<CitationSourcePanelProps, "ref">>'.
  Types of parameters 'props' and 'props' are incompatible.
    Type 'Omit<CitationSourcePanelProps, "ref">' is not assignable to type 'CitationSourcePanelProps'.
packages/editor/src/behaviors/insert_citation/source_panels/insert_citation-source-panel-doi.tsx(47,5): error TS2322: Type 'ForwardRefExoticComponent<Omit<CitationSourcePanelProps, "ref"> & RefAttributes<HTMLDivElement>>' is not assignable to type 'FC<CitationSourcePanelProps>'.
packages/editor/src/behaviors/insert_citation/source_panels/insert_citation-source-panel-doi.tsx(102,3): error TS2345: Argument of type '(props: CitationSourcePanelProps, ref: ForwardedRef<HTMLDivElement>) => Element' is not assignable to parameter of type 'ForwardRefRenderFunction<HTMLDivElement, Omit<CitationSourcePanelProps, "ref">>'.
  Types of parameters 'props' and 'props' are incompatible.
    Type 'Omit<CitationSourcePanelProps, "ref">' is not assignable to type 'CitationSourcePanelProps'.
packages/editor/src/behaviors/insert_citation/source_panels/insert_citation-source-panel-packages.tsx(70,5): error TS2322: Type 'ForwardRefExoticComponent<Omit<CitationSourcePanelProps, "ref"> & RefAttributes<HTMLDivElement>>' is not assignable to type 'FC<CitationSourcePanelProps>'.
packages/editor/src/behaviors/insert_citation/source_panels/insert_citation-source-panel-packages.tsx(102,3): error TS2345: Argument of type '(props: CitationSourcePanelProps, ref: ForwardedRef<HTMLDivElement>) => Element' is not assignable to parameter of type 'ForwardRefRenderFunction<HTMLDivElement, Omit<CitationSourcePanelProps, "ref">>'.
  Types of parameters 'props' and 'props' are incompatible.
    Type 'Omit<CitationSourcePanelProps, "ref">' is not assignable to type 'CitationSourcePanelProps'.
packages/editor/src/behaviors/insert_citation/source_panels/insert_citation-source-panel-pubmed.tsx(46,5): error TS2322: Type 'ForwardRefExoticComponent<Omit<CitationSourcePanelProps, "ref"> & RefAttributes<HTMLDivElement>>' is not assignable to type 'FC<CitationSourcePanelProps>'.
packages/editor/src/behaviors/insert_citation/source_panels/insert_citation-source-panel-pubmed.tsx(120,3): error TS2345: Argument of type '(props: CitationSourcePanelProps, ref: ForwardedRef<HTMLDivElement>) => Element' is not assignable to parameter of type 'ForwardRefRenderFunction<HTMLDivElement, Omit<CitationSourcePanelProps, "ref">>'.
  Types of parameters 'props' and 'props' are incompatible.
    Type 'Omit<CitationSourcePanelProps, "ref">' is not assignable to type 'CitationSourcePanelProps'.
packages/editor/src/editor/editor.ts(1206,14): error TS2554: Expected 5 arguments, but got 4.
packages/editor/src/nodes/image/image-view.ts(52,9): error TS2322: Type '{ [x: string]: (node: ProsemirrorNode, view: EditorView, getPos: boolean | (() => number)) => ImageNodeView; }' is not assignable to type '{ [node: string]: NodeViewConstructor; }'.
  'string' index signatures are incompatible.
    Type '(node: ProsemirrorNode, view: EditorView, getPos: boolean | (() => number)) => ImageNodeView' is not assignable to type 'NodeViewConstructor'.
      Types of parameters 'getPos' and 'getPos' are incompatible.
        Type '() => number | undefined' is not assignable to type 'boolean | (() => number)'.
          Type '() => number | undefined' is not assignable to type '() => number'.
            Type 'number | undefined' is not assignable to type 'number'.
              Type 'undefined' is not assignable to type 'number'.
packages/editor/src/nodes/image/image-view.ts(275,10): error TS2416: Property 'ignoreMutation' in type 'ImageNodeView' is not assignable to the same property in base type 'NodeView'.
  Type '(mutation: MutationRecord | { type: "selection"; target: Element; }) => boolean' is not assignable to type '(mutation: ViewMutationRecord) => boolean'.
    Types of parameters 'mutation' and 'mutation' are incompatible.
      Type 'ViewMutationRecord' is not assignable to type 'MutationRecord | { type: "selection"; target: Element; }'.
        Type '{ type: "selection"; target: Node; }' is not assignable to type 'MutationRecord | { type: "selection"; target: Element; }'.
          Type '{ type: "selection"; target: Node; }' is not assignable to type '{ type: "selection"; target: Element; }'.
            Types of property 'target' are incompatible.
              Type 'Node' is missing the following properties from type 'Element': attributes, classList, className, clientHeight, and 114 more.
packages/editor/src/nodes/list/list.ts(239,17): error TS2322: Type '(node: Node, view: EditorView, getPos: boolean | (() => number)) => CheckedListItemNodeView' is not assignable to type 'NodeViewConstructor'.
  Types of parameters 'getPos' and 'getPos' are incompatible.
    Type '() => number | undefined' is not assignable to type 'boolean | (() => number)'.
      Type '() => number | undefined' is not assignable to type '() => number'.
        Type 'number | undefined' is not assignable to type 'number'.
          Type 'undefined' is not assignable to type 'number'.
packages/editor/src/nodes/yaml_metadata/yaml_metadata.ts(47,13): error TS2322: Type 'ParseRule' is not assignable to type 'TagParseRule'.
  Type 'StyleParseRule' is not assignable to type 'TagParseRule'.
    Types of property 'tag' are incompatible.
      Type 'undefined' is not assignable to type 'string'.
packages/editor/src/optional/ace/ace.ts(104,13): error TS2322: Type '{ [name: string]: (node: Node, view: EditorView, getPos: boolean | (() => number)) => NodeView; }' is not assignable to type '{ [node: string]: NodeViewConstructor; }'.
  'string' index signatures are incompatible.
    Type '(node: Node, view: EditorView, getPos: boolean | (() => number)) => NodeView' is not assignable to type 'NodeViewConstructor'.
      Types of parameters 'getPos' and 'getPos' are incompatible.
        Type '() => number | undefined' is not assignable to type 'boolean | (() => number)'.
          Type '() => number | undefined' is not assignable to type '() => number'.
            Type 'number | undefined' is not assignable to type 'number'.
              Type 'undefined' is not assignable to type 'number'.
packages/json-validator/src/imports.ts(2,56): error TS2307: Cannot find module '@quarto/tidyverse-errors' or its corresponding type declarations.
packages/json-validator/src/imports.ts(10,8): error TS2307: Cannot find module '@quarto/mapped-string' or its corresponding type declarations.
packages/json-validator/src/imports.ts(11,53): error TS2307: Cannot find module '@quarto/annotated-json' or its corresponding type declarations.
packages/mapped-string/src/imports.ts(3,35): error TS2307: Cannot find module '@quarto/tidyverse-errors' or its corresponding type declarations.
packages/quarto-core/src/context.ts(17,21): error TS2307: Cannot find module 'node:fs' or its corresponding type declarations.
packages/quarto-core/src/context.ts(18,21): error TS2307: Cannot find module 'node:os' or its corresponding type declarations.
packages/quarto-core/src/context.ts(19,23): error TS2307: Cannot find module 'node:path' or its corresponding type declarations.
packages/quarto-core/src/context.ts(20,37): error TS2307: Cannot find module 'node:child_process' or its corresponding type declarations.
packages/quarto-core/src/context.ts(105,47): error TS2345: Argument of type 'string | undefined' is not assignable to parameter of type 'string'.
  Type 'undefined' is not assignable to type 'string'.
packages/quarto-core/src/document.ts(18,21): error TS2307: Cannot find module 'vscode-uri' or its corresponding type declarations.
packages/quarto-core/src/markdown/parsers/pandoc.ts(16,18): error TS2307: Cannot find module 'node:path' or its corresponding type declarations.
packages/quarto-core/src/metadata.ts(17,18): error TS2307: Cannot find module 'node:path' or its corresponding type declarations.
packages/quarto-core/src/metadata.ts(18,16): error TS2307: Cannot find module 'node:fs' or its corresponding type declarations.
packages/quarto-core/src/storage.ts(17,23): error TS2307: Cannot find module 'node:path' or its corresponding type declarations.
packages/quarto-core/src/storage.ts(18,21): error TS2307: Cannot find module 'node:fs' or its corresponding type declarations.
packages/quarto-core/src/storage.ts(20,23): error TS7016: Could not find a declaration file for module 'uuid'. 'F:/Projects/GitHub/quartostone/quarto-visual-editor/node_modules/uuid/dist/index.js' implicitly has an 'any' type.
  Try `npm i --save-dev @types/uuid` if it exists or add a new declaration (.d.ts) file containing `declare module 'uuid';`
src/EditorContainer.tsx(18,23): error TS7016: Could not find a declaration file for module 'uuid'. 'F:/Projects/GitHub/quartostone/quarto-visual-editor/node_modules/uuid/dist/index.js' implicitly has an 'any' type.
  Try `npm i --save-dev @types/uuid` if it exists or add a new declaration (.d.ts) file containing `declare module 'uuid';`
src/index.tsx(19,23): error TS7016: Could not find a declaration file for module 'uuid'. 'F:/Projects/GitHub/quartostone/quarto-visual-editor/node_modules/uuid/dist/index.js' implicitly has an 'any' type.
  Try `npm i --save-dev @types/uuid` if it exists or add a new declaration (.d.ts) file containing `declare module 'uuid';`
src/sync.ts(18,22): error TS2307: Cannot find module 'lodash.throttle' or its corresponding type declarations.
src/sync.ts(159,33): error TS7006: Parameter 'markdown' implicitly has an 'any' type.
src/sync.ts(307,33): error TS2300: Duplicate identifier 'target'.
src/sync.ts(310,9): error TS2300: Duplicate identifier 'target'.
src/sync.ts(312,7): error TS2304: Cannot find name 'vscode'.
